--- [1] Setting up Authentication ---
Test aborted due to auth failure. Is the backend running on port 8001?

